../Drivers/BSP/STM32H745I-DISCO/stm32h745i_discovery_bus.c:239:9:BSP_I2C4_DeInit	8	static
../Drivers/BSP/STM32H745I-DISCO/stm32h745i_discovery_bus.c:267:26:MX_I2C4_Init	8	static
../Drivers/BSP/STM32H745I-DISCO/stm32h745i_discovery_bus.c:188:9:BSP_I2C4_Init	112	static
../Drivers/BSP/STM32H745I-DISCO/stm32h745i_discovery_bus.c:310:9:BSP_I2C4_WriteReg	24	static
../Drivers/BSP/STM32H745I-DISCO/stm32h745i_discovery_bus.c:347:9:BSP_I2C4_ReadReg	24	static
../Drivers/BSP/STM32H745I-DISCO/stm32h745i_discovery_bus.c:384:9:BSP_I2C4_WriteReg16	24	static
../Drivers/BSP/STM32H745I-DISCO/stm32h745i_discovery_bus.c:421:9:BSP_I2C4_ReadReg16	24	static
../Drivers/BSP/STM32H745I-DISCO/stm32h745i_discovery_bus.c:457:9:BSP_I2C4_IsReady	8	static
../Drivers/BSP/STM32H745I-DISCO/stm32h745i_discovery_bus.c:479:9:BSP_GetTick	0	static
