../Drivers/BSP/STM32H745I-DISCO/stm32h745i_discovery_lcd.c:507:9:BSP_LCD_GetPixelFormat	0	static
../Drivers/BSP/STM32H745I-DISCO/stm32h745i_discovery_lcd.c:526:9:BSP_LCD_SetActiveLayer	0	static
../Drivers/BSP/STM32H745I-DISCO/stm32h745i_discovery_lcd.c:742:9:BSP_LCD_GetXSize	0	static
../Drivers/BSP/STM32H745I-DISCO/stm32h745i_discovery_lcd.c:760:9:BSP_LCD_GetYSize	0	static
../Drivers/BSP/STM32H745I-DISCO/stm32h745i_discovery_lcd.c:1091:9:BSP_LCD_ReadPixel	20	static
../Drivers/BSP/STM32H745I-DISCO/stm32h745i_discovery_lcd.c:1118:9:BSP_LCD_WritePixel	20	static
../Drivers/BSP/STM32H745I-DISCO/stm32h745i_discovery_lcd.c:962:9:BSP_LCD_FillRGBRect	40	static
../Drivers/BSP/STM32H745I-DISCO/stm32h745i_discovery_lcd.c:898:9:BSP_LCD_DrawBitmap	56	static
../Drivers/BSP/STM32H745I-DISCO/stm32h745i_discovery_lcd.c:1151:13:LL_FillBuffer	32	static
../Drivers/BSP/STM32H745I-DISCO/stm32h745i_discovery_lcd.c:1011:9:BSP_LCD_DrawHLine	32	static
../Drivers/BSP/STM32H745I-DISCO/stm32h745i_discovery_lcd.c:1038:9:BSP_LCD_DrawVLine	40	static
../Drivers/BSP/STM32H745I-DISCO/stm32h745i_discovery_lcd.c:1067:9:BSP_LCD_FillRect	32	static
../Drivers/BSP/STM32H745I-DISCO/stm32h745i_discovery_lcd.c:290:9:BSP_LCD_DeInit	8	static
../Drivers/BSP/STM32H745I-DISCO/stm32h745i_discovery_lcd.c:324:26:MX_LTDC_Init	4	static
../Drivers/BSP/STM32H745I-DISCO/stm32h745i_discovery_lcd.c:360:26:MX_LTDC_ConfigLayer	80	static
../Drivers/BSP/STM32H745I-DISCO/stm32h745i_discovery_lcd.c:388:26:MX_LTDC_ClockConfig	200	static
../Drivers/BSP/STM32H745I-DISCO/stm32h745i_discovery_lcd.c:187:9:BSP_LCD_InitEx	192	static
../Drivers/BSP/STM32H745I-DISCO/stm32h745i_discovery_lcd.c:173:9:BSP_LCD_Init	16	static
../Drivers/BSP/STM32H745I-DISCO/stm32h745i_discovery_lcd.c:488:9:BSP_LCD_ConfigLayer	8	static
../Drivers/BSP/STM32H745I-DISCO/stm32h745i_discovery_lcd.c:547:9:BSP_LCD_Relaod	8	static
../Drivers/BSP/STM32H745I-DISCO/stm32h745i_discovery_lcd.c:573:9:BSP_LCD_SetLayerVisible	0	static
../Drivers/BSP/STM32H745I-DISCO/stm32h745i_discovery_lcd.c:602:9:BSP_LCD_SetTransparency	8	static
../Drivers/BSP/STM32H745I-DISCO/stm32h745i_discovery_lcd.c:627:9:BSP_LCD_SetLayerAddress	8	static
../Drivers/BSP/STM32H745I-DISCO/stm32h745i_discovery_lcd.c:655:9:BSP_LCD_SetLayerWindow	32	static
../Drivers/BSP/STM32H745I-DISCO/stm32h745i_discovery_lcd.c:690:9:BSP_LCD_SetColorKeying	16	static
../Drivers/BSP/STM32H745I-DISCO/stm32h745i_discovery_lcd.c:718:9:BSP_LCD_ResetColorKeying	8	static
../Drivers/BSP/STM32H745I-DISCO/stm32h745i_discovery_lcd.c:777:9:BSP_LCD_DisplayOn	32	static
../Drivers/BSP/STM32H745I-DISCO/stm32h745i_discovery_lcd.c:807:9:BSP_LCD_DisplayOff	40	static
../Drivers/BSP/STM32H745I-DISCO/stm32h745i_discovery_lcd.c:838:9:BSP_LCD_SetBrightness	48	static
../Drivers/BSP/STM32H745I-DISCO/stm32h745i_discovery_lcd.c:878:9:BSP_LCD_GetBrightness	0	static
