D:/Work/STM32H745I-DISCO DISP/HMI Embun Display Early Frame 0208/HMI Embun Display Early Frame/lv_port_stm32h745i_disco_ori/Drivers/STM32H7xx_HAL_Driver/Src/stm32h7xx_hal_i2c_ex.c:96:19:HAL_I2CEx_ConfigAnalogFilter	8	static
D:/Work/STM32H745I-DISCO DISP/HMI Embun Display Early Frame 0208/HMI Embun Display Early Frame/lv_port_stm32h745i_disco_ori/Drivers/STM32H7xx_HAL_Driver/Src/stm32h7xx_hal_i2c_ex.c:140:19:HAL_I2CEx_ConfigDigitalFilter	8	static
D:/Work/STM32H745I-DISCO DISP/HMI Embun Display Early Frame 0208/HMI Embun Display Early Frame/lv_port_stm32h745i_disco_ori/Drivers/STM32H7xx_HAL_Driver/Src/stm32h7xx_hal_i2c_ex.c:208:19:HAL_I2CEx_EnableWakeUp	0	static
D:/Work/STM32H745I-DISCO DISP/HMI Embun Display Early Frame 0208/HMI Embun Display Early Frame/lv_port_stm32h745i_disco_ori/Drivers/STM32H7xx_HAL_Driver/Src/stm32h7xx_hal_i2c_ex.c:247:19:HAL_I2CEx_DisableWakeUp	0	static
D:/Work/STM32H745I-DISCO DISP/HMI Embun Display Early Frame 0208/HMI Embun Display Early Frame/lv_port_stm32h745i_disco_ori/Drivers/STM32H7xx_HAL_Driver/Src/stm32h7xx_hal_i2c_ex.c:316:6:HAL_I2CEx_EnableFastModePlus	8	static
D:/Work/STM32H745I-DISCO DISP/HMI Embun Display Early Frame 0208/HMI Embun Display Early Frame/lv_port_stm32h745i_disco_ori/Drivers/STM32H7xx_HAL_Driver/Src/stm32h7xx_hal_i2c_ex.c:347:6:HAL_I2CEx_DisableFastModePlus	8	static
