../lvgl/examples/widgets/menu/lv_example_menu_5.c:121:13:switch_handler	16	static
../lvgl/examples/widgets/menu/lv_example_menu_5.c:139:19:create_text	32	static
../lvgl/examples/widgets/menu/../../../src/core/lv_obj_style.h:205:20:lv_obj_set_style_pad_hor.constprop	16	static
../lvgl/examples/widgets/menu/../../../src/core/lv_obj_style_gen.h:103:26:lv_obj_get_style_pad_left.constprop	8	static
../lvgl/examples/widgets/menu/lv_example_menu_5.c:167:19:create_slider.constprop.isra	16	static
../lvgl/examples/widgets/menu/lv_example_menu_5.c:110:13:back_event_handler	24	static
../lvgl/examples/widgets/menu/lv_example_menu_5.c:20:6:lv_example_menu_5	56	static
