../lvgl/src/draw/stm32_dma2d/lv_gpu_stm32_dma2d.c:225:6:lv_gpu_stm32_dma2d_wait_cb	16	static
../lvgl/src/draw/stm32_dma2d/lv_gpu_stm32_dma2d.c:244:13:invalidate_cache	16	static,ignoring_inline_asm
../lvgl/src/draw/stm32_dma2d/lv_gpu_stm32_dma2d.c:116:6:lv_draw_stm32_dma2d_blend	48	static
../lvgl/src/draw/stm32_dma2d/lv_gpu_stm32_dma2d.c:73:6:lv_draw_stm32_dma2d_init	8	static,ignoring_inline_asm
../lvgl/src/draw/stm32_dma2d/lv_gpu_stm32_dma2d.c:96:6:lv_draw_stm32_dma2d_ctx_init	8	static
../lvgl/src/draw/stm32_dma2d/lv_gpu_stm32_dma2d.c:109:6:lv_draw_stm32_dma2d_ctx_deinit	0	static
