../Core/Src/stm32h7xx_hal_msp.c:66:6:HAL_MspInit	8	static
../Core/Src/stm32h7xx_hal_msp.c:89:6:HAL_DMA2D_MspInit	8	static
../Core/Src/stm32h7xx_hal_msp.c:111:6:HAL_DMA2D_MspDeInit	0	static
../Core/Src/stm32h7xx_hal_msp.c:133:6:HAL_I2C_MspInit	256	static
../Core/Src/stm32h7xx_hal_msp.c:186:6:HAL_I2C_MspDeInit	8	static
../Core/Src/stm32h7xx_hal_msp.c:217:6:HAL_LTDC_MspInit	248	static
../Core/Src/stm32h7xx_hal_msp.c:325:6:HAL_LTDC_MspDeInit	8	static
../Core/Src/stm32h7xx_hal_msp.c:391:6:HAL_QSPI_MspInit	256	static
../Core/Src/stm32h7xx_hal_msp.c:486:6:HAL_QSPI_MspDeInit	8	static
../Core/Src/stm32h7xx_hal_msp.c:531:6:HAL_SPI_MspInit	240	static
../Core/Src/stm32h7xx_hal_msp.c:594:6:HAL_SPI_MspDeInit	8	static
../Core/Src/stm32h7xx_hal_msp.c:628:6:HAL_TIM_PWM_MspInit	8	static
../Core/Src/stm32h7xx_hal_msp.c:644:6:HAL_TIM_MspPostInit	32	static
../Core/Src/stm32h7xx_hal_msp.c:676:6:HAL_TIM_PWM_MspDeInit	0	static
../Core/Src/stm32h7xx_hal_msp.c:698:6:HAL_UART_MspInit	232	static
../Core/Src/stm32h7xx_hal_msp.c:766:6:HAL_UART_MspDeInit	8	static
../Core/Src/stm32h7xx_hal_msp.c:905:6:HAL_SDRAM_MspInit	240	static
../Core/Src/stm32h7xx_hal_msp.c:989:6:HAL_SDRAM_MspDeInit	8	static
