../ui1106/ui_helpers.c:8:6:_ui_bar_set_property	0	static
../ui1106/ui_helpers.c:14:6:_ui_basic_set_property	0	static
../ui1106/ui_helpers.c:23:6:_ui_dropdown_set_property	0	static
../ui1106/ui_helpers.c:28:6:_ui_image_set_property	0	static
../ui1106/ui_helpers.c:33:6:_ui_label_set_property	0	static
../ui1106/ui_helpers.c:39:6:_ui_roller_set_property	0	static
../ui1106/ui_helpers.c:45:6:_ui_slider_set_property	0	static
../ui1106/ui_helpers.c:52:6:_ui_screen_change	16	static
../ui1106/ui_helpers.c:57:6:_ui_arc_increment	16	static
../ui1106/ui_helpers.c:64:6:_ui_bar_increment	16	static
../ui1106/ui_helpers.c:70:6:_ui_slider_increment	16	static
../ui1106/ui_helpers.c:77:6:_ui_keyboard_set_target	0	static
../ui1106/ui_helpers.c:82:6:_ui_flag_modify	16	static
../ui1106/ui_helpers.c:91:6:_ui_state_modify	16	static
../ui1106/ui_helpers.c:101:6:_ui_opacity_set	0	static
../ui1106/ui_helpers.c:106:6:_ui_anim_callback_set_x	0	static
../ui1106/ui_helpers.c:111:6:_ui_anim_callback_set_y	0	static
../ui1106/ui_helpers.c:116:6:_ui_anim_callback_set_width	0	static
../ui1106/ui_helpers.c:121:6:_ui_anim_callback_set_height	0	static
../ui1106/ui_helpers.c:126:6:_ui_anim_callback_set_opacity	0	static
../ui1106/ui_helpers.c:131:6:_ui_anim_callback_set_image_zoom	0	static
../ui1106/ui_helpers.c:136:6:_ui_anim_callback_set_image_angle	0	static
../ui1106/ui_helpers.c:142:9:_ui_anim_callback_get_x	8	static
../ui1106/ui_helpers.c:147:9:_ui_anim_callback_get_y	8	static
../ui1106/ui_helpers.c:152:9:_ui_anim_callback_get_width	8	static
../ui1106/ui_helpers.c:157:9:_ui_anim_callback_get_height	8	static
../ui1106/ui_helpers.c:162:9:_ui_anim_callback_get_opacity	8	static
../ui1106/ui_helpers.c:167:9:_ui_anim_callback_get_image_zoom	8	static
../ui1106/ui_helpers.c:172:9:_ui_anim_callback_get_image_angle	8	static
../ui1106/ui_helpers.c:177:6:_ui_arc_set_text_value	56	static
../ui1106/ui_helpers.c:184:6:_ui_slider_set_text_value	56	static
../ui1106/ui_helpers.c:190:6:_ui_checked_set_text_value	16	static
