../lvgl/src/extra/widgets/span/lv_span.c:809:19:convert_indent_pct	0	static
../lvgl/src/extra/widgets/span/lv_span.c:1117:13:refresh_self_size	8	static
../lvgl/src/extra/widgets/span/lv_span.c:590:13:lv_spangroup_destructor	16	static
../lvgl/src/extra/widgets/span/lv_span.c:577:13:lv_spangroup_constructor	8	static
../lvgl/src/extra/widgets/span/../../../../src/hal/../draw/../misc/lv_txt.h:165:20:_lv_txt_is_break_char	0	static
../lvgl/src/extra/widgets/span/lv_span.c:735:19:lv_span_get_style_text_letter_space	16	static
../lvgl/src/extra/widgets/span/lv_span.c:721:26:lv_span_get_style_text_font	16	static
../lvgl/src/extra/widgets/span/lv_span.c:94:12:lv_spangroup_create	8	static
../lvgl/src/extra/widgets/span/lv_span.c:106:13:lv_spangroup_new_span	16	static
../lvgl/src/extra/widgets/span/lv_span.c:132:6:lv_spangroup_del_span	24	static
../lvgl/src/extra/widgets/span/lv_span.c:165:6:lv_span_set_text	16	static
../lvgl/src/extra/widgets/span/lv_span.c:189:6:lv_span_set_text_static	16	static
../lvgl/src/extra/widgets/span/lv_span.c:209:6:lv_spangroup_set_align	0	static
../lvgl/src/extra/widgets/span/lv_span.c:219:6:lv_spangroup_set_overflow	4	static
../lvgl/src/extra/widgets/span/lv_span.c:235:6:lv_spangroup_set_indent	0	static
../lvgl/src/extra/widgets/span/lv_span.c:275:13:lv_spangroup_get_child	16	static
../lvgl/src/extra/widgets/span/lv_span.c:317:10:lv_spangroup_get_child_cnt	0	static
../lvgl/src/extra/widgets/span/lv_span.c:335:17:lv_spangroup_get_align	8	static
../lvgl/src/extra/widgets/span/lv_span.c:345:20:lv_spangroup_get_overflow	0	static
../lvgl/src/extra/widgets/span/lv_span.c:357:12:lv_spangroup_get_indent	0	static
../lvgl/src/extra/widgets/span/lv_span.c:369:16:lv_spangroup_get_mode	0	static
../lvgl/src/extra/widgets/span/lv_span.c:418:12:lv_spangroup_get_max_line_h	24	static
../lvgl/src/extra/widgets/span/lv_span.c:440:12:lv_spangroup_get_expand_width	56	static
../lvgl/src/extra/widgets/span/lv_span.c:473:12:lv_spangroup_get_expand_height	112	static
../lvgl/src/extra/widgets/span/lv_span.c:606:13:lv_spangroup_event	248	static
../lvgl/src/extra/widgets/span/lv_span.c:380:6:lv_spangroup_refr_mode	8	static
../lvgl/src/extra/widgets/span/lv_span.c:251:6:lv_spangroup_set_mode	0	static
