../lvgl/src/widgets/lv_canvas.c:820:13:lv_canvas_destructor	0	static
../lvgl/src/widgets/lv_canvas.c:801:13:lv_canvas_constructor	0	static
../lvgl/src/widgets/lv_canvas.c:861:13:deinit_fake_disp	8	static
../lvgl/src/widgets/lv_canvas.c:830:13:init_fake_disp	24	static
../lvgl/src/widgets/../core/lv_obj_style_gen.h:325:26:lv_obj_get_style_img_recolor.constprop	8	static
../lvgl/src/widgets/../core/../misc/lv_color.h:443:48:lv_color_mix.isra	16	static
../lvgl/src/widgets/lv_canvas.c:52:12:lv_canvas_create	8	static
../lvgl/src/widgets/lv_canvas.c:64:6:lv_canvas_set_buffer	8	static
../lvgl/src/widgets/lv_canvas.c:79:6:lv_canvas_set_px_color	8	static
../lvgl/src/widgets/lv_canvas.c:89:6:lv_canvas_set_px_opa	8	static
../lvgl/src/widgets/lv_canvas.c:99:6:lv_canvas_set_palette	8	static
../lvgl/src/widgets/lv_canvas.c:113:12:lv_canvas_get_px	16	static
../lvgl/src/widgets/lv_canvas.c:123:16:lv_canvas_get_img	0	static
../lvgl/src/widgets/lv_canvas.c:135:6:lv_canvas_copy_buf	32	static
../lvgl/src/widgets/lv_canvas.c:158:6:lv_canvas_transform	184	static
../lvgl/src/widgets/lv_canvas.c:261:6:lv_canvas_blur_hor	136	static
../lvgl/src/widgets/lv_canvas.c:389:6:lv_canvas_blur_ver	144	static
../lvgl/src/widgets/lv_canvas.c:522:6:lv_canvas_fill_bg	40	static
../lvgl/src/widgets/lv_canvas.c:551:6:lv_canvas_draw_rect	472	static
../lvgl/src/widgets/lv_canvas.c:595:6:lv_canvas_draw_text	472	static
../lvgl/src/widgets/lv_canvas.c:631:6:lv_canvas_draw_img	472	static
../lvgl/src/widgets/lv_canvas.c:674:6:lv_canvas_draw_line	464	static
../lvgl/src/widgets/lv_canvas.c:716:6:lv_canvas_draw_polygon	456	static
../lvgl/src/widgets/lv_canvas.c:754:6:lv_canvas_draw_arc	472	static
